Archive member included because of file (symbol)

cpu/ixp/libixp.a(interrupts.o)
                              cpu/ixp/start.o (do_undefined_instruction)
lib_arm/libarm.a(board.o)     cpu/ixp/start.o (start_armboot)
net/libnet.a(net.o)           lib_arm/libarm.a(board.o) (getenv_IPaddr)
common/libcommon.a(main.o)    lib_arm/libarm.a(board.o) (main_loop)
common/libcommon.a(cmd_autoscript.o)
                              (__u_boot_cmd_autoscr)
common/libcommon.a(cmd_bdinfo.o)
                              (__u_boot_cmd_bdinfo)
common/libcommon.a(cmd_boot.o)
                              (__u_boot_cmd_go)
common/libcommon.a(cmd_bootm.o)
                              lib_arm/libarm.a(board.o) (load_addr)
common/libcommon.a(cmd_console.o)
                              (__u_boot_cmd_coninfo)
common/libcommon.a(cmd_flash.o)
                              (__u_boot_cmd_flinfo)
common/libcommon.a(cmd_itest.o)
                              (__u_boot_cmd_itest)
common/libcommon.a(cmd_load.o)
                              (__u_boot_cmd_loads)
common/libcommon.a(cmd_mem.o)
                              common/libcommon.a(cmd_itest.o) (cmd_get_data_size)
common/libcommon.a(cmd_misc.o)
                              (__u_boot_cmd_sleep)
common/libcommon.a(cmd_nvedit.o)
                              common/libcommon.a(cmd_bootm.o) (setenv)
common/libcommon.a(command.o)
                              (__u_boot_cmd_version)
common/libcommon.a(console.o)
                              cpu/ixp/libixp.a(interrupts.o) (printf)
common/libcommon.a(devices.o)
                              common/libcommon.a(cmd_console.o) (devlist)
common/libcommon.a(dlmalloc.o)
                              common/libcommon.a(cmd_autoscript.o) (free)
common/libcommon.a(env_common.o)
                              common/libcommon.a(cmd_nvedit.o) (env_get_char)
common/libcommon.a(env_flash.o)
                              common/libcommon.a(cmd_nvedit.o) (env_name_spec)
common/libcommon.a(exports.o)
                              lib_arm/libarm.a(board.o) (jumptable_init)
common/libcommon.a(flash.o)   common/libcommon.a(cmd_load.o) (addr2info)
common/libcommon.a(lists.o)   common/libcommon.a(devices.o) (ListCreate)
common/libcommon.a(s_record.o)
                              common/libcommon.a(cmd_load.o) (srec_decode)
/arm-linux/lib/gcc-lib/arm-linux/3.3.2/be/libgcc.a(_udivsi3.oS)
                              common/libcommon.a(dlmalloc.o) (__udivsi3)
/arm-linux/lib/gcc-lib/arm-linux/3.3.2/be/libgcc.a(_umodsi3.oS)
                              common/libcommon.a(dlmalloc.o) (__umodsi3)
/arm-linux/lib/gcc-lib/arm-linux/3.3.2/be/libgcc.a(_dvmd_lnx.oS)
                              /arm-linux/lib/gcc-lib/arm-linux/3.3.2/be/libgcc.a(_udivsi3.oS) (__div0)
lib_generic/libgeneric.a(crc32.o)
                              common/libcommon.a(cmd_autoscript.o) (crc32)
lib_generic/libgeneric.a(display_options.o)
                              lib_arm/libarm.a(board.o) (print_size)
lib_generic/libgeneric.a(string.o)
                              net/libnet.a(net.o) (strcpy)
lib_generic/libgeneric.a(vsprintf.o)
                              lib_arm/libarm.a(board.o) (simple_strtoul)
lib_generic/libgeneric.a(zlib.o)
                              common/libcommon.a(cmd_bootm.o) (inflateEnd)
lib_generic/libgeneric.a(ctype.o)
                              lib_generic/libgeneric.a(string.o) (_ctype)
board/ixdp425/libixdp425.a(ixdp425.o)
                              lib_arm/libarm.a(board.o) (board_init)
board/ixdp425/libixdp425.a(flash.o)
                              lib_arm/libarm.a(board.o) (flash_init)
cpu/ixp/libixp.a(serial.o)    common/libcommon.a(cmd_load.o) (serial_setbrg)
cpu/ixp/libixp.a(cpu.o)       lib_arm/libarm.a(board.o) (cpu_init)
cpu/ixp/libixp.a(timer.o)     common/libcommon.a(exports.o) (get_timer)
cpu/ixp/libixp.a(gpio.o)      common/libcommon.a(cmd_mem.o) (beep_ok)
lib_arm/libarm.a(armlinux.o)  common/libcommon.a(cmd_bootm.o) (do_bootm_linux)
lib_arm/libarm.a(cache.o)     common/libcommon.a(cmd_load.o) (flush_cache)

Memory Configuration

Name             Origin             Length             Attributes
*default*        0x00000000         0xffffffff

Linker script and memory map

                0x00000000                . = 0x0
                0x00000000                . = ALIGN (0x4)

.text           0x00f80000     0xcfe8
 cpu/ixp/start.o(.text)
 .text          0x00f80000      0x5a0 cpu/ixp/start.o
                0x00f80048                _bss_start
                0x00f8004c                _bss_end
                0x00f80044                _armboot_start
                0x00f80000                _start
                0x00f80540                reset_cpu
 *(.text)
 .text          0x00f805a0      0x26c cpu/ixp/libixp.a(interrupts.o)
                0x00f807bc                do_fiq
                0x00f80804                interrupt_init
                0x00f80708                do_undefined_instruction
                0x00f805c8                show_regs
                0x00f807e0                do_irq
                0x00f805ac                bad_mode
                0x00f80750                do_prefetch_abort
                0x00f805a4                disable_interrupts
                0x00f80798                do_not_used
                0x00f80774                do_data_abort
                0x00f8072c                do_software_interrupt
                0x00f805a0                enable_interrupts
 .text          0x00f8080c      0x324 lib_arm/libarm.a(board.o)
                0x00f80b1c                hang
                0x00f809a4                start_armboot
                0x00f80848                sbrk
 .text          0x00f80b30      0x188 net/libnet.a(net.o)
                0x00f80c90                getenv_IPaddr
                0x00f80b30                ip_to_string
                0x00f80b6c                string_to_ip
                0x00f80c6c                print_IPaddr
                0x00f80bd8                VLAN_to_string
                0x00f80ca0                getenv_VLAN
                0x00f80c24                string_to_VLAN
 .text          0x00f80cb8      0x98c common/libcommon.a(main.o)
                0x00f813e8                run_command
                0x00f815c4                do_run
                0x00f80e38                readline
                0x00f80cb8                main_loop
 .text          0x00f81644      0x1ec common/libcommon.a(cmd_autoscript.o)
                0x00f817f0                do_autoscript
                0x00f81644                autoscript
 .text          0x00f81830       0xe8 common/libcommon.a(cmd_bdinfo.o)
                0x00f81830                do_bdinfo
 .text          0x00f81918       0x8c common/libcommon.a(cmd_boot.o)
                0x00f81918                do_go
 .text          0x00f819a4      0xce8 common/libcommon.a(cmd_bootm.o)
                0x00f82188                print_image_hdr
                0x00f81efc                do_bootd
                0x00f82500                gunzip
                0x00f819a4                do_bootm
                0x00f81f20                do_iminfo
 .text          0x00f8268c       0xd8 common/libcommon.a(cmd_console.o)
                0x00f8268c                do_coninfo
 .text          0x00f82764      0xadc common/libcommon.a(cmd_flash.o)
                0x00f82a8c                do_flinfo
                0x00f82cec                flash_sect_erase
                0x00f82de0                do_protect
                0x00f82b2c                do_flerase
                0x00f8310c                flash_sect_protect
 .text          0x00f83240      0x34c common/libcommon.a(cmd_itest.o)
                0x00f83430                binary_test
                0x00f834d8                do_itest
 .text          0x00f8358c      0xd90 common/libcommon.a(cmd_load.o)
                0x00f83dc4                k_data_init
                0x00f83b78                s1_sendpacket
                0x00f83e98                handle_send_packet
                0x00f83e08                k_data_restore
                0x00f83c10                send_nack
                0x00f838ec                do_load_serial_bin
                0x00f83e24                k_data_char
                0x00f83b44                chk1
                0x00f83dec                k_data_save
                0x00f83b18                ktrans
                0x00f83adc                send_pad
                0x00f83ba8                send_ack
                0x00f8358c                do_load_serial
 .text          0x00f8431c      0xc24 common/libcommon.a(cmd_mem.o)
                0x00f84a10                do_mem_base
                0x00f84648                do_mem_mw
                0x00f84efc                __spin_wheel
                0x00f84e3c                do_mem_crc
                0x00f8461c                do_mem_nm
                0x00f845f0                do_mem_mm
                0x00f848cc                do_mem_cp
                0x00f84b6c                do_mem_mtest
                0x00f84720                do_mem_cmp
                0x00f8431c                cmd_get_data_size
                0x00f84a58                do_mem_loop
                0x00f843e0                do_mem_md
 .text          0x00f84f40       0x7c common/libcommon.a(cmd_misc.o)
                0x00f84f40                do_sleep
 .text          0x00f84fbc      0x8c4 common/libcommon.a(cmd_nvedit.o)
                0x00f856a0                getenv
                0x00f85184                _do_setenv
                0x00f85718                getenv_r
                0x00f84fbc                do_printenv
                0x00f85620                setenv
                0x00f857e0                do_saveenv
                0x00f85660                do_setenv
 .text          0x00f85880      0x2fc common/libcommon.a(command.o)
                0x00f858a0                do_echo
                0x00f85adc                find_cmd
                0x00f85928                do_help
                0x00f85880                do_version
 .text          0x00f85b7c      0x58c common/libcommon.a(console.o)
                0x00f85f60                console_init_r
                0x00f85dc0                printf
                0x00f85ebc                console_assign
                0x00f85d4c                getc
                0x00f85da4                puts
                0x00f860fc                dbg
                0x00f85c28                serial_printf
                0x00f85c88                ftstc
                0x00f85d0c                fprintf
                0x00f85d64                tstc
                0x00f85df8                vprintf
                0x00f85e24                ctrlc
                0x00f85d7c                putc
                0x00f85e80                disable_ctrlc
                0x00f85c60                fgetc
                0x00f85e98                had_ctrlc
                0x00f85cb0                fputc
                0x00f85f50                console_init_f
                0x00f85ea8                clear_ctrlc
                0x00f85ce0                fputs
 .text          0x00f86108      0x100 common/libcommon.a(devices.o)
                0x00f8617c                device_register
                0x00f861ec                devices_done
                0x00f861a4                devices_init
 .text          0x00f86208     0x10b4 common/libcommon.a(dlmalloc.o)
                0x00f863f4                malloc
                0x00f8703c                pvalloc
                0x00f87054                calloc
                0x00f8720c                malloc_usable_size
                0x00f86ab8                realloc
                0x00f87128                malloc_trim
                0x00f86208                malloc_bin_reloc
                0x00f8724c                mallopt
                0x00f86f20                memalign
                0x00f87124                cfree
                0x00f87030                valloc
                0x00f86898                free
 .text          0x00f872bc      0x128 common/libcommon.a(env_common.o)
                0x00f87330                env_get_addr
                0x00f87350                env_relocate
                0x00f872bc                env_crc_update
                0x00f87310                env_get_char_memory
 .text          0x00f873e4      0x14c common/libcommon.a(env_flash.o)
                0x00f87510                env_relocate_spec
                0x00f87448                saveenv
                0x00f873e4                env_get_char_spec
                0x00f873f0                env_init
 .text          0x00f87530       0x90 common/libcommon.a(exports.o)
                0x00f8753c                jumptable_init
                0x00f87534                get_version
 .text          0x00f875c0      0x428 common/libcommon.a(flash.o)
                0x00f87724                flash_write
                0x00f875c0                flash_protect
                0x00f876d8                addr2info
                0x00f878fc                flash_perror
 .text          0x00f879e8      0x42c common/libcommon.a(lists.o)
                0x00f87a50                DisposeHandle
                0x00f87c30                ListDispose
                0x00f87c3c                ListInsertItems
                0x00f87c1c                ListSetAllocationPolicy
                0x00f87dfc                ListGetItemSize
                0x00f87df0                ListGetDataPtr
                0x00f879e8                NewHandle
                0x00f87a7c                SetHandleSize
                0x00f87c34                ListInsertItem
                0x00f87a74                GetHandleSize
                0x00f87e08                ListNumItems
                0x00f87dc0                ListGetPtrToItem
                0x00f87bbc                ListCreate
                0x00f87d74                ListGetItems
 .text          0x00f87e14      0x308 common/libcommon.a(s_record.o)
                0x00f87e14                srec_decode
 .text          0x00f8811c       0x98 /arm-linux/lib/gcc-lib/arm-linux/3.3.2/be/libgcc.a(_udivsi3.oS)
                0x00f8811c                __udivsi3
 .text          0x00f881b4       0xc0 /arm-linux/lib/gcc-lib/arm-linux/3.3.2/be/libgcc.a(_umodsi3.oS)
                0x00f881b4                __umodsi3
 .text          0x00f88274       0x1c /arm-linux/lib/gcc-lib/arm-linux/3.3.2/be/libgcc.a(_dvmd_lnx.oS)
                0x00f88274                __div0
 .text          0x00f88290       0xfc lib_generic/libgeneric.a(crc32.o)
                0x00f88290                crc32
 .text          0x00f8838c       0xb4 lib_generic/libgeneric.a(display_options.o)
                0x00f8838c                display_options
                0x00f883ac                print_size
 .text          0x00f88440      0x678 lib_generic/libgeneric.a(string.o)
                0x00f884cc                strcpy
                0x00f889f4                memscan
                0x00f8895c                memmove
                0x00f88934                memcpy
                0x00f88898                strswab
                0x00f886b8                strnlen
                0x00f8865c                strrchr
                0x00f88518                strcat
                0x00f88a84                memchr
                0x00f88a18                strstr
                0x00f885e0                strncmp
                0x00f884ec                strncpy
                0x00f88908                bcopy
                0x00f887e0                strtok
                0x00f889bc                memcmp
                0x00f88550                strncat
                0x00f886f8                strdup
                0x00f888e4                memset
                0x00f885b0                strcmp
                0x00f88860                strsep
                0x00f88440                strnicmp
                0x00f88738                strspn
                0x00f88694                strlen
                0x00f88628                strchr
                0x00f88798                strpbrk
 .text          0x00f88ab8      0x8c4 lib_generic/libgeneric.a(vsprintf.o)
                0x00f88e18                vsprintf
                0x00f88b64                simple_strtol
                0x00f89334                panic
                0x00f89314                sprintf
                0x00f88ab8                simple_strtoul
 .text          0x00f8937c     0x2c98 lib_generic/libgeneric.a(zlib.o)
                0x00f89528                inflate
                0x00f89450                inflateInit2
                0x00f898ec                inflateIncomp
                0x00f8be78                adler32
                0x00f8937c                inflateReset
                0x00f8990c                inflateSync
                0x00f89520                inflateInit
                0x00f893e4                inflateEnd
 .text          0x00f8c014       0x44 board/ixdp425/libixdp425.a(ixdp425.o)
                0x00f8c03c                dram_init
                0x00f8c01c                board_init
                0x00f8c014                board_late_init
 .text          0x00f8c058      0x878 board/ixdp425/libixdp425.a(flash.o)
                0x00f8c7fc                spin_wheel
                0x00f8c398                flash_erase
                0x00f8c058                flash_init
                0x00f8c118                flash_print_info
                0x00f8c840                flash_real_protect
                0x00f8c53c                write_buff
 .text          0x00f8c8d0      0x174 cpu/ixp/libixp.a(serial.o)
                0x00f8c8d0                serial_setbrg
                0x00f8c9dc                serial_tstc
                0x00f8c9a8                serial_putc
                0x00f8c994                serial_init
                0x00f8ca18                serial_puts
                0x00f8c9f0                serial_getc
 .text          0x00f8ca44       0xa4 cpu/ixp/libixp.a(cpu.o)
                0x00f8ca54                cleanup_before_linux
                0x00f8cad4                dcache_enable
                0x00f8ca44                cpu_init
                0x00f8caa4                icache_enable
                0x00f8ca74                do_reset
                0x00f8cae4                pci_init
                0x00f8cab4                icache_disable
                0x00f8cadc                dcache_status
                0x00f8cac8                icache_status
                0x00f8cad8                dcache_disable
 .text          0x00f8cae8       0xd4 cpu/ixp/libixp.a(timer.o)
                0x00f8cae8                get_timer
                0x00f8cafc                ixp425_udelay
                0x00f8cb58                reset_timer_masked
                0x00f8cb88                get_timer_masked
                0x00f8cb30                udelay
 .text          0x00f8cbbc       0xf8 cpu/ixp/libixp.a(gpio.o)
                0x00f8cc84                beep_fail
                0x00f8cc68                beep_ok
                0x00f8cbbc                gpio_line_set
                0x00f8cbf8                gpio_line_config
 .text          0x00f8ccb4      0x330 lib_arm/libarm.a(armlinux.o)
                0x00f8ccb4                do_bootm_linux
 .text          0x00f8cfe4        0x4 lib_arm/libarm.a(cache.o)
                0x00f8cfe4                flush_cache

.glue_7         0x00f8cfe8        0x0

.glue_7t        0x00f8cfe8        0x0
                0x00f8cfe8                . = ALIGN (0x4)

.rodata         0x00f8cfe8      0x4dc
 *(.rodata)
 .rodata        0x00f8cfe8       0x80 cpu/ixp/libixp.a(interrupts.o)
 .rodata        0x00f8d068       0x28 lib_arm/libarm.a(board.o)
                0x00f8d068                version_string
 .rodata        0x00f8d090       0x20 common/libcommon.a(cmd_mem.o)
 .rodata        0x00f8d0b0       0x14 common/libcommon.a(cmd_nvedit.o)
 .rodata        0x00f8d0c4      0x400 lib_generic/libgeneric.a(crc32.o)

.rodata.str1.4  0x00f8d4c4     0x2dee
 .rodata.str1.4
                0x00f8d4c4      0x293 cpu/ixp/libixp.a(interrupts.o)
                                0x29c (size before relaxing)
 *fill*         0x00f8d757        0x1 00
 .rodata.str1.4
                0x00f8d758       0xb6 lib_arm/libarm.a(board.o)
                                 0xbc (size before relaxing)
 *fill*         0x00f8d80e        0x2 00
 .rodata.str1.4
                0x00f8d810       0x17 net/libnet.a(net.o)
                                 0x18 (size before relaxing)
 *fill*         0x00f8d827        0x1 00
 .rodata.str1.4
                0x00f8d828       0xfc common/libcommon.a(main.o)
                                0x100 (size before relaxing)
 .rodata.str1.4
                0x00f8d924       0xf7 common/libcommon.a(cmd_autoscript.o)
                                 0xf8 (size before relaxing)
 *fill*         0x00f8da1b        0x1 00
 .rodata.str1.4
                0x00f8da1c       0xbe common/libcommon.a(cmd_bdinfo.o)
                                 0xc0 (size before relaxing)
 *fill*         0x00f8dada        0x2 00
 .rodata.str1.4
                0x00f8dadc      0x10c common/libcommon.a(cmd_boot.o)
                                0x118 (size before relaxing)
 .rodata.str1.4
                0x00f8dbe8      0x891 common/libcommon.a(cmd_bootm.o)
                                0x8ac (size before relaxing)
 *fill*         0x00f8e479        0x3 00
 .rodata.str1.4
                0x00f8e47c       0x6e common/libcommon.a(cmd_console.o)
                                 0x74 (size before relaxing)
 *fill*         0x00f8e4ea        0x2 00
 .rodata.str1.4
                0x00f8e4ec      0x5d5 common/libcommon.a(cmd_flash.o)
                                0x5f0 (size before relaxing)
 *fill*         0x00f8eac1        0x3 00
 .rodata.str1.4
                0x00f8eac4       0xcf common/libcommon.a(cmd_itest.o)
                                 0xdc (size before relaxing)
 *fill*         0x00f8eb93        0x1 00
 .rodata.str1.4
                0x00f8eb94      0x2f4 common/libcommon.a(cmd_load.o)
                                0x310 (size before relaxing)
 .rodata.str1.4
                0x00f8ee88      0x690 common/libcommon.a(cmd_mem.o)
                                0x6ac (size before relaxing)
 .rodata.str1.4
                0x00f8f518       0x70 common/libcommon.a(cmd_misc.o)
                                 0x7c (size before relaxing)
 .rodata.str1.4
                0x00f8f588      0x2ef common/libcommon.a(cmd_nvedit.o)
                                0x37c (size before relaxing)
 *fill*         0x00f8f877        0x1 00
 .rodata.str1.4
                0x00f8f878      0x280 common/libcommon.a(command.o)
 .rodata.str1.4
                0x00f8faf8       0x79 common/libcommon.a(console.o)
                                 0x7c (size before relaxing)
 *fill*         0x00f8fb71        0x3 00
 .rodata.str1.4
                0x00f8fb74       0x30 common/libcommon.a(devices.o)
                                 0x48 (size before relaxing)
 .rodata.str1.4
                0x00f8fba4       0x33 common/libcommon.a(env_common.o)
                                 0x34 (size before relaxing)
 *fill*         0x00f8fbd7        0x1 00
 .rodata.str1.4
                0x00f8fbd8       0x31 common/libcommon.a(env_flash.o)
                                 0x3c (size before relaxing)
 *fill*         0x00f8fc09        0x3 00
 .rodata.str1.4
                0x00f8fc0c      0x161 common/libcommon.a(flash.o)
                                0x164 (size before relaxing)
 *fill*         0x00f8fd6d        0x3 00
 .rodata.str1.4
                0x00f8fd70       0x17 lib_generic/libgeneric.a(display_options.o)
                                 0x20 (size before relaxing)
 *fill*         0x00f8fd87        0x1 00
 .rodata.str1.4
                0x00f8fd88       0x57 lib_generic/libgeneric.a(vsprintf.o)
                                 0x58 (size before relaxing)
 *fill*         0x00f8fddf        0x1 00
 .rodata.str1.4
                0x00f8fde0      0x20f lib_generic/libgeneric.a(zlib.o)
                                0x214 (size before relaxing)
 *fill*         0x00f8ffef        0x1 00
 .rodata.str1.4
                0x00f8fff0      0x23f board/ixdp425/libixdp425.a(flash.o)
                                0x258 (size before relaxing)
 *fill*         0x00f9022f        0x1 00
 .rodata.str1.4
                0x00f90230        0xf cpu/ixp/libixp.a(cpu.o)
                                 0x10 (size before relaxing)
 *fill*         0x00f9023f        0x1 00
 .rodata.str1.4
                0x00f90240       0x72 lib_arm/libarm.a(armlinux.o)
                                 0xc8 (size before relaxing)
                0x00f902b4                . = ALIGN (0x4)

.data           0x00f902b4      0x990
 *(.data)
 .data          0x00f902b4       0x2c lib_arm/libarm.a(board.o)
                0x00f902b4                init_sequence
 .data          0x00f902e0       0x10 common/libcommon.a(main.o)
 .data          0x00f902f0        0x4 common/libcommon.a(cmd_bootm.o)
                0x00f902f0                load_addr
 .data          0x00f902f4       0x68 common/libcommon.a(cmd_itest.o)
                0x00f902f4                op_table
 .data          0x00f9035c        0x4 common/libcommon.a(cmd_load.o)
 .data          0x00f90360        0x8 common/libcommon.a(cmd_mem.o)
                0x00f90360                dp_last_length
 .data          0x00f90368        0xc common/libcommon.a(devices.o)
                0x00f90368                stdio_names
 .data          0x00f90374      0x414 common/libcommon.a(dlmalloc.o)
 .data          0x00f90788      0x108 common/libcommon.a(env_common.o)
                0x00f90788                env_get_char
                0x00f9078c                default_environment
 .data          0x00f90890        0xc common/libcommon.a(env_flash.o)
                0x00f90890                env_name_spec
                0x00f90894                env_ptr
 .data          0x00f9089c      0x2a0 lib_generic/libgeneric.a(zlib.o)
                0x00f90b18                zlib_version
                0x00f90b1c                z_errmsg
 .data          0x00f90b3c      0x100 lib_generic/libgeneric.a(ctype.o)
                0x00f90b3c                _ctype
 .data          0x00f90c3c        0x4 board/ixdp425/libixdp425.a(flash.o)
 .data          0x00f90c40        0x4 cpu/ixp/libixp.a(timer.o)
                0x00f90c44                . = ALIGN (0x4)

.got
 *(.got)
                0x00f90c44                __u_boot_cmd_start = .

.u_boot_cmd     0x00f90c44      0x348
 *(.u_boot_cmd)
 .u_boot_cmd    0x00f90c44       0x18 common/libcommon.a(cmd_autoscript.o)
                0x00f90c44                __u_boot_cmd_autoscr
 .u_boot_cmd    0x00f90c5c       0x18 common/libcommon.a(cmd_bdinfo.o)
                0x00f90c5c                __u_boot_cmd_bdinfo
 .u_boot_cmd    0x00f90c74       0x30 common/libcommon.a(cmd_boot.o)
                0x00f90c8c                __u_boot_cmd_reset
                0x00f90c74                __u_boot_cmd_go
 .u_boot_cmd    0x00f90ca4       0x78 common/libcommon.a(cmd_bootm.o)
                0x00f90ca4                __u_boot_cmd_bootm
                0x00f90cec                __u_boot_cmd_iminfo
                0x00f90cd4                __u_boot_cmd_bootd
                0x00f90cbc                __u_boot_cmd_boot
                0x00f90d04                __u_boot_cmd_imls
 .u_boot_cmd    0x00f90d1c       0x18 common/libcommon.a(cmd_console.o)
                0x00f90d1c                __u_boot_cmd_coninfo
 .u_boot_cmd    0x00f90d34       0x48 common/libcommon.a(cmd_flash.o)
                0x00f90d34                __u_boot_cmd_flinfo
                0x00f90d4c                __u_boot_cmd_erase
                0x00f90d64                __u_boot_cmd_protect
 .u_boot_cmd    0x00f90d7c       0x18 common/libcommon.a(cmd_itest.o)
                0x00f90d7c                __u_boot_cmd_itest
 .u_boot_cmd    0x00f90d94       0x30 common/libcommon.a(cmd_load.o)
                0x00f90dac                __u_boot_cmd_loadb
                0x00f90d94                __u_boot_cmd_loads
 .u_boot_cmd    0x00f90dc4       0xf0 common/libcommon.a(cmd_mem.o)
                0x00f90dc4                __u_boot_cmd_md
                0x00f90e3c                __u_boot_cmd_cmp
                0x00f90e0c                __u_boot_cmd_mw
                0x00f90e84                __u_boot_cmd_loop
                0x00f90e6c                __u_boot_cmd_base
                0x00f90ddc                __u_boot_cmd_mm
                0x00f90e54                __u_boot_cmd_crc32
                0x00f90df4                __u_boot_cmd_nm
                0x00f90e9c                __u_boot_cmd_mtest
                0x00f90e24                __u_boot_cmd_cp
 .u_boot_cmd    0x00f90eb4       0x18 common/libcommon.a(cmd_misc.o)
                0x00f90eb4                __u_boot_cmd_sleep
 .u_boot_cmd    0x00f90ecc       0x60 common/libcommon.a(cmd_nvedit.o)
                0x00f90f14                __u_boot_cmd_run
                0x00f90efc                __u_boot_cmd_saveenv
                0x00f90ecc                __u_boot_cmd_printenv
                0x00f90ee4                __u_boot_cmd_setenv
 .u_boot_cmd    0x00f90f2c       0x60 common/libcommon.a(command.o)
                0x00f90f44                __u_boot_cmd_echo
                0x00f90f74                __u_boot_cmd_question_mark
                0x00f90f2c                __u_boot_cmd_version
                0x00f90f5c                __u_boot_cmd_help
                0x00f90f8c                __u_boot_cmd_end = .
                0x00f90f8c                . = ALIGN (0x4)
                0x00f90f8c                __bss_start = .

.bss            0x00f90f8c     0x1684
 *(.bss)
 .bss           0x00f90f8c       0x10 lib_arm/libarm.a(board.o)
                0x00f90f98                monitor_flash_len
 .bss           0x00f90f9c      0x200 common/libcommon.a(main.o)
                0x00f9109c                console_buffer
 .bss           0x00f9119c       0x40 common/libcommon.a(cmd_bootm.o)
                0x00f9119c                header
 .bss           0x00f911dc       0x88 common/libcommon.a(cmd_load.o)
                0x00f91208                his_pad_char
                0x00f911dc                os_data_count
                0x00f91224                os_data_init
                0x00f91260                send_ptr
                0x00f911e0                os_data_header
                0x00f91228                os_data_char
                0x00f91200                his_eol
                0x00f91209                his_quote
                0x00f9124c                send_parms
                0x00f91204                his_pad_count
 .bss           0x00f91264       0x18 common/libcommon.a(cmd_mem.o)
                0x00f91270                dp_last_size
                0x00f9126c                dp_last_addr
                0x00f91278                mm_last_size
                0x00f91274                mm_last_addr
 .bss           0x00f9127c        0x8 common/libcommon.a(console.o)
 .bss           0x00f91284       0x10 common/libcommon.a(devices.o)
                0x00f91284                devlist
                0x00f91288                stdio_devices
 .bss           0x00f91294       0x3c common/libcommon.a(dlmalloc.o)
 .bss           0x00f912d0        0x4 lib_generic/libgeneric.a(string.o)
                0x00f912d0                ___strtok
 .bss           0x00f912d4     0x10a8 lib_generic/libgeneric.a(zlib.o)
 .bss           0x00f9237c      0x290 board/ixdp425/libixdp425.a(flash.o)
                0x00f92380                flash_info
 .bss           0x00f9260c        0x4 lib_arm/libarm.a(armlinux.o)
                0x00f92610                _end = .
Address of section .text set to 0xf80000
LOAD cpu/ixp/start.o
START GROUP
LOAD lib_generic/libgeneric.a
LOAD board/ixdp425/libixdp425.a
LOAD cpu/ixp/libixp.a
LOAD lib_arm/libarm.a
LOAD fs/cramfs/libcramfs.a
LOAD fs/fat/libfat.a
LOAD fs/fdos/libfdos.a
LOAD fs/jffs2/libjffs2.a
LOAD fs/reiserfs/libreiserfs.a
LOAD net/libnet.a
LOAD disk/libdisk.a
LOAD rtc/librtc.a
LOAD dtt/libdtt.a
LOAD drivers/libdrivers.a
LOAD drivers/sk98lin/libsk98lin.a
LOAD post/libpost.a
LOAD post/cpu/libcpu.a
LOAD common/libcommon.a
LOAD /arm-linux/lib/gcc-lib/arm-linux/3.3.2/be/libgcc.a
END GROUP
OUTPUT(u-boot elf32-bigarm)

.stab           0x00000000      0x714
 .stab          0x00000000      0x714 cpu/ixp/start.o

.stabstr        0x00000000       0x3b
 .stabstr       0x00000000       0x3b cpu/ixp/start.o
                                  0x0 (size before relaxing)

.debug_abbrev   0x00000000     0x52ff
 .debug_abbrev  0x00000000      0x1d5 cpu/ixp/libixp.a(interrupts.o)
 .debug_abbrev  0x000001d5      0x2d2 lib_arm/libarm.a(board.o)
 .debug_abbrev  0x000004a7      0x24c net/libnet.a(net.o)
 .debug_abbrev  0x000006f3      0x298 common/libcommon.a(main.o)
 .debug_abbrev  0x0000098b      0x1f2 common/libcommon.a(cmd_autoscript.o)
 .debug_abbrev  0x00000b7d      0x21f common/libcommon.a(cmd_bdinfo.o)
 .debug_abbrev  0x00000d9c      0x219 common/libcommon.a(cmd_boot.o)
 .debug_abbrev  0x00000fb5      0x2c8 common/libcommon.a(cmd_bootm.o)
 .debug_abbrev  0x0000127d      0x1f3 common/libcommon.a(cmd_console.o)
 .debug_abbrev  0x00001470      0x272 common/libcommon.a(cmd_flash.o)
 .debug_abbrev  0x000016e2      0x207 common/libcommon.a(cmd_itest.o)
 .debug_abbrev  0x000018e9      0x34d common/libcommon.a(cmd_load.o)
 .debug_abbrev  0x00001c36      0x2dd common/libcommon.a(cmd_mem.o)
 .debug_abbrev  0x00001f13      0x1d4 common/libcommon.a(cmd_misc.o)
 .debug_abbrev  0x000020e7      0x291 common/libcommon.a(cmd_nvedit.o)
 .debug_abbrev  0x00002378      0x258 common/libcommon.a(command.o)
 .debug_abbrev  0x000025d0      0x2fc common/libcommon.a(console.o)
 .debug_abbrev  0x000028cc      0x1f1 common/libcommon.a(devices.o)
 .debug_abbrev  0x00002abd      0x239 common/libcommon.a(dlmalloc.o)
 .debug_abbrev  0x00002cf6      0x216 common/libcommon.a(env_common.o)
 .debug_abbrev  0x00002f0c      0x240 common/libcommon.a(env_flash.o)
 .debug_abbrev  0x0000314c      0x1da common/libcommon.a(exports.o)
 .debug_abbrev  0x00003326      0x217 common/libcommon.a(flash.o)
 .debug_abbrev  0x0000353d      0x24b common/libcommon.a(lists.o)
 .debug_abbrev  0x00003788      0x1f5 common/libcommon.a(s_record.o)
 .debug_abbrev  0x0000397d       0x14 /arm-linux/lib/gcc-lib/arm-linux/3.3.2/be/libgcc.a(_udivsi3.oS)
 .debug_abbrev  0x00003991       0x14 /arm-linux/lib/gcc-lib/arm-linux/3.3.2/be/libgcc.a(_umodsi3.oS)
 .debug_abbrev  0x000039a5       0x14 /arm-linux/lib/gcc-lib/arm-linux/3.3.2/be/libgcc.a(_dvmd_lnx.oS)
 .debug_abbrev  0x000039b9      0x1ab lib_generic/libgeneric.a(crc32.o)
 .debug_abbrev  0x00003b64      0x1e7 lib_generic/libgeneric.a(display_options.o)
 .debug_abbrev  0x00003d4b      0x1f5 lib_generic/libgeneric.a(string.o)
 .debug_abbrev  0x00003f40      0x2c1 lib_generic/libgeneric.a(vsprintf.o)
 .debug_abbrev  0x00004201      0x214 lib_generic/libgeneric.a(zlib.o)
 .debug_abbrev  0x00004415       0x42 lib_generic/libgeneric.a(ctype.o)
 .debug_abbrev  0x00004457      0x1ca board/ixdp425/libixdp425.a(ixdp425.o)
 .debug_abbrev  0x00004621      0x2e2 board/ixdp425/libixdp425.a(flash.o)
 .debug_abbrev  0x00004903      0x1f9 cpu/ixp/libixp.a(serial.o)
 .debug_abbrev  0x00004afc      0x1ff cpu/ixp/libixp.a(cpu.o)
 .debug_abbrev  0x00004cfb      0x1c2 cpu/ixp/libixp.a(timer.o)
 .debug_abbrev  0x00004ebd      0x1d1 cpu/ixp/libixp.a(gpio.o)
 .debug_abbrev  0x0000508e      0x22c lib_arm/libarm.a(armlinux.o)
 .debug_abbrev  0x000052ba       0x45 lib_arm/libarm.a(cache.o)

.debug_info     0x00000000    0x312e2
 .debug_info    0x00000000     0x1258 cpu/ixp/libixp.a(interrupts.o)
 .debug_info    0x00001258     0x1c62 lib_arm/libarm.a(board.o)
 .debug_info    0x00002eba     0x1a77 net/libnet.a(net.o)
 .debug_info    0x00004931     0x1687 common/libcommon.a(main.o)
 .debug_info    0x00005fb8     0x1355 common/libcommon.a(cmd_autoscript.o)
 .debug_info    0x0000730d     0x1718 common/libcommon.a(cmd_bdinfo.o)
 .debug_info    0x00008a25     0x16e6 common/libcommon.a(cmd_boot.o)
 .debug_info    0x0000a10b     0x1cf0 common/libcommon.a(cmd_bootm.o)
 .debug_info    0x0000bdfb     0x1506 common/libcommon.a(cmd_console.o)
 .debug_info    0x0000d301     0x168b common/libcommon.a(cmd_flash.o)
 .debug_info    0x0000e98c     0x140c common/libcommon.a(cmd_itest.o)
 .debug_info    0x0000fd98     0x1e82 common/libcommon.a(cmd_load.o)
 .debug_info    0x00011c1a     0x1b03 common/libcommon.a(cmd_mem.o)
 .debug_info    0x0001371d     0x11ed common/libcommon.a(cmd_misc.o)
 .debug_info    0x0001490a     0x169c common/libcommon.a(cmd_nvedit.o)
 .debug_info    0x00015fa6     0x1422 common/libcommon.a(command.o)
 .debug_info    0x000173c8     0x19a5 common/libcommon.a(console.o)
 .debug_info    0x00018d6d     0x14e2 common/libcommon.a(devices.o)
 .debug_info    0x0001a24f     0x19a9 common/libcommon.a(dlmalloc.o)
 .debug_info    0x0001bbf8     0x139e common/libcommon.a(env_common.o)
 .debug_info    0x0001cf96     0x1392 common/libcommon.a(env_flash.o)
 .debug_info    0x0001e328     0x1166 common/libcommon.a(exports.o)
 .debug_info    0x0001f48e     0x1285 common/libcommon.a(flash.o)
 .debug_info    0x00020713     0x15f0 common/libcommon.a(lists.o)
 .debug_info    0x00021d03     0x118b common/libcommon.a(s_record.o)
 .debug_info    0x00022e8e       0xa2 /arm-linux/lib/gcc-lib/arm-linux/3.3.2/be/libgcc.a(_udivsi3.oS)
 .debug_info    0x00022f30       0xa2 /arm-linux/lib/gcc-lib/arm-linux/3.3.2/be/libgcc.a(_umodsi3.oS)
 .debug_info    0x00022fd2       0xa2 /arm-linux/lib/gcc-lib/arm-linux/3.3.2/be/libgcc.a(_dvmd_lnx.oS)
 .debug_info    0x00023074     0x12f1 lib_generic/libgeneric.a(crc32.o)
 .debug_info    0x00024365     0x113b lib_generic/libgeneric.a(display_options.o)
 .debug_info    0x000254a0      0xdbc lib_generic/libgeneric.a(string.o)
 .debug_info    0x0002625c     0x14cc lib_generic/libgeneric.a(vsprintf.o)
 .debug_info    0x00027728     0x1928 lib_generic/libgeneric.a(zlib.o)
 .debug_info    0x00029050       0x56 lib_generic/libgeneric.a(ctype.o)
 .debug_info    0x000290a6     0x110e board/ixdp425/libixdp425.a(ixdp425.o)
 .debug_info    0x0002a1b4     0x1452 board/ixdp425/libixdp425.a(flash.o)
 .debug_info    0x0002b606     0x118e cpu/ixp/libixp.a(serial.o)
 .debug_info    0x0002c794     0x12c4 cpu/ixp/libixp.a(cpu.o)
 .debug_info    0x0002da58     0x117f cpu/ixp/libixp.a(timer.o)
 .debug_info    0x0002ebd7     0x115b cpu/ixp/libixp.a(gpio.o)
 .debug_info    0x0002fd32     0x1551 lib_arm/libarm.a(armlinux.o)
 .debug_info    0x00031283       0x5f lib_arm/libarm.a(cache.o)

.debug_line     0x00000000     0x5bdb
 .debug_line    0x00000000      0x1e4 cpu/ixp/libixp.a(interrupts.o)
 .debug_line    0x000001e4      0x25a lib_arm/libarm.a(board.o)
 .debug_line    0x0000043e      0x200 net/libnet.a(net.o)
 .debug_line    0x0000063e      0x315 common/libcommon.a(main.o)
 .debug_line    0x00000953      0x20b common/libcommon.a(cmd_autoscript.o)
 .debug_line    0x00000b5e      0x1da common/libcommon.a(cmd_bdinfo.o)
 .debug_line    0x00000d38      0x1d9 common/libcommon.a(cmd_boot.o)
 .debug_line    0x00000f11      0x37b common/libcommon.a(cmd_bootm.o)
 .debug_line    0x0000128c      0x1e6 common/libcommon.a(cmd_console.o)
 .debug_line    0x00001472      0x2de common/libcommon.a(cmd_flash.o)
 .debug_line    0x00001750      0x21d common/libcommon.a(cmd_itest.o)
 .debug_line    0x0000196d      0x3f3 common/libcommon.a(cmd_load.o)
 .debug_line    0x00001d60      0x3a1 common/libcommon.a(cmd_mem.o)
 .debug_line    0x00002101      0x1cd common/libcommon.a(cmd_misc.o)
 .debug_line    0x000022ce      0x2dd common/libcommon.a(cmd_nvedit.o)
 .debug_line    0x000025ab      0x247 common/libcommon.a(command.o)
 .debug_line    0x000027f2      0x2cb common/libcommon.a(console.o)
 .debug_line    0x00002abd      0x1fa common/libcommon.a(devices.o)
 .debug_line    0x00002cb7      0x420 common/libcommon.a(dlmalloc.o)
 .debug_line    0x000030d7      0x20d common/libcommon.a(env_common.o)
 .debug_line    0x000032e4      0x20c common/libcommon.a(env_flash.o)
 .debug_line    0x000034f0      0x1c0 common/libcommon.a(exports.o)
 .debug_line    0x000036b0      0x215 common/libcommon.a(flash.o)
 .debug_line    0x000038c5      0x247 common/libcommon.a(lists.o)
 .debug_line    0x00003b0c      0x21d common/libcommon.a(s_record.o)
 .debug_line    0x00003d29       0x99 /arm-linux/lib/gcc-lib/arm-linux/3.3.2/be/libgcc.a(_udivsi3.oS)
 .debug_line    0x00003dc2       0x99 /arm-linux/lib/gcc-lib/arm-linux/3.3.2/be/libgcc.a(_umodsi3.oS)
 .debug_line    0x00003e5b       0x94 /arm-linux/lib/gcc-lib/arm-linux/3.3.2/be/libgcc.a(_dvmd_lnx.oS)
 .debug_line    0x00003eef      0x1c4 lib_generic/libgeneric.a(crc32.o)
 .debug_line    0x000040b3      0x1d0 lib_generic/libgeneric.a(display_options.o)
 .debug_line    0x00004283      0x202 lib_generic/libgeneric.a(string.o)
 .debug_line    0x00004485      0x2b7 lib_generic/libgeneric.a(vsprintf.o)
 .debug_line    0x0000473c      0x63e lib_generic/libgeneric.a(zlib.o)
 .debug_line    0x00004d7a       0x25 lib_generic/libgeneric.a(ctype.o)
 .debug_line    0x00004d9f      0x1b7 board/ixdp425/libixdp425.a(ixdp425.o)
 .debug_line    0x00004f56      0x2e3 board/ixdp425/libixdp425.a(flash.o)
 .debug_line    0x00005239      0x1d5 cpu/ixp/libixp.a(serial.o)
 .debug_line    0x0000540e      0x1d4 cpu/ixp/libixp.a(cpu.o)
 .debug_line    0x000055e2      0x1be cpu/ixp/libixp.a(timer.o)
 .debug_line    0x000057a0      0x1cc cpu/ixp/libixp.a(gpio.o)
 .debug_line    0x0000596c      0x23b lib_arm/libarm.a(armlinux.o)
 .debug_line    0x00005ba7       0x34 lib_arm/libarm.a(cache.o)

.debug_frame    0x00000000     0x2370
 .debug_frame   0x00000000      0x148 cpu/ixp/libixp.a(interrupts.o)
 .debug_frame   0x00000148       0xf8 lib_arm/libarm.a(board.o)
 .debug_frame   0x00000240       0xe0 net/libnet.a(net.o)
 .debug_frame   0x00000320      0x120 common/libcommon.a(main.o)
 .debug_frame   0x00000440       0x54 common/libcommon.a(cmd_autoscript.o)
 .debug_frame   0x00000494       0x40 common/libcommon.a(cmd_bdinfo.o)
 .debug_frame   0x000004d4       0x30 common/libcommon.a(cmd_boot.o)
 .debug_frame   0x00000504      0x1a8 common/libcommon.a(cmd_bootm.o)
 .debug_frame   0x000006ac       0x38 common/libcommon.a(cmd_console.o)
 .debug_frame   0x000006e4      0x140 common/libcommon.a(cmd_flash.o)
 .debug_frame   0x00000824       0xc8 common/libcommon.a(cmd_itest.o)
 .debug_frame   0x000008ec      0x270 common/libcommon.a(cmd_load.o)
 .debug_frame   0x00000b5c      0x1f0 common/libcommon.a(cmd_mem.o)
 .debug_frame   0x00000d4c       0x30 common/libcommon.a(cmd_misc.o)
 .debug_frame   0x00000d7c      0x138 common/libcommon.a(cmd_nvedit.o)
 .debug_frame   0x00000eb4       0xb0 common/libcommon.a(command.o)
 .debug_frame   0x00000f64      0x264 common/libcommon.a(console.o)
 .debug_frame   0x000011c8       0x88 common/libcommon.a(devices.o)
 .debug_frame   0x00001250      0x17c common/libcommon.a(dlmalloc.o)
 .debug_frame   0x000013cc       0x88 common/libcommon.a(env_common.o)
 .debug_frame   0x00001454       0x70 common/libcommon.a(env_flash.o)
 .debug_frame   0x000014c4       0x4c common/libcommon.a(exports.o)
 .debug_frame   0x00001510       0x9c common/libcommon.a(flash.o)
 .debug_frame   0x000015ac      0x16c common/libcommon.a(lists.o)
 .debug_frame   0x00001718       0x70 common/libcommon.a(s_record.o)
 .debug_frame   0x00001788       0x2c lib_generic/libgeneric.a(crc32.o)
 .debug_frame   0x000017b4       0x50 lib_generic/libgeneric.a(display_options.o)
 .debug_frame   0x00001804      0x220 lib_generic/libgeneric.a(string.o)
 .debug_frame   0x00001a24      0x110 lib_generic/libgeneric.a(vsprintf.o)
 .debug_frame   0x00001b34      0x3ac lib_generic/libgeneric.a(zlib.o)
 .debug_frame   0x00001ee0       0x40 board/ixdp425/libixdp425.a(ixdp425.o)
 .debug_frame   0x00001f20      0x130 board/ixdp425/libixdp425.a(flash.o)
 .debug_frame   0x00002050       0x94 cpu/ixp/libixp.a(serial.o)
 .debug_frame   0x000020e4       0xd4 cpu/ixp/libixp.a(cpu.o)
 .debug_frame   0x000021b8       0x78 cpu/ixp/libixp.a(timer.o)
 .debug_frame   0x00002230       0xa0 cpu/ixp/libixp.a(gpio.o)
 .debug_frame   0x000022d0       0x80 lib_arm/libarm.a(armlinux.o)
 .debug_frame   0x00002350       0x20 lib_arm/libarm.a(cache.o)

.debug_pubnames
                0x00000000     0x153c
 .debug_pubnames
                0x00000000       0xf2 cpu/ixp/libixp.a(interrupts.o)
 .debug_pubnames
                0x000000f2       0x71 lib_arm/libarm.a(board.o)
 .debug_pubnames
                0x00000163       0x8d net/libnet.a(net.o)
 .debug_pubnames
                0x000001f0       0x5b common/libcommon.a(main.o)
 .debug_pubnames
                0x0000024b       0x4c common/libcommon.a(cmd_autoscript.o)
 .debug_pubnames
                0x00000297       0x38 common/libcommon.a(cmd_bdinfo.o)
 .debug_pubnames
                0x000002cf       0x47 common/libcommon.a(cmd_boot.o)
 .debug_pubnames
                0x00000316       0xe4 common/libcommon.a(cmd_bootm.o)
 .debug_pubnames
                0x000003fa       0x3a common/libcommon.a(cmd_console.o)
 .debug_pubnames
                0x00000434       0xb2 common/libcommon.a(cmd_flash.o)
 .debug_pubnames
                0x000004e6       0x53 common/libcommon.a(cmd_itest.o)
 .debug_pubnames
                0x00000539      0x1b2 common/libcommon.a(cmd_load.o)
 .debug_pubnames
                0x000006eb      0x1f8 common/libcommon.a(cmd_mem.o)
 .debug_pubnames
                0x000008e3       0x36 common/libcommon.a(cmd_misc.o)
 .debug_pubnames
                0x00000919       0xd1 common/libcommon.a(cmd_nvedit.o)
 .debug_pubnames
                0x000009ea       0xaa common/libcommon.a(command.o)
 .debug_pubnames
                0x00000a94      0x10e common/libcommon.a(console.o)
 .debug_pubnames
                0x00000ba2       0x76 common/libcommon.a(devices.o)
 .debug_pubnames
                0x00000c18       0xb3 common/libcommon.a(dlmalloc.o)
 .debug_pubnames
                0x00000ccb       0x88 common/libcommon.a(env_common.o)
 .debug_pubnames
                0x00000d53       0x75 common/libcommon.a(env_flash.o)
 .debug_pubnames
                0x00000dc8       0x35 common/libcommon.a(exports.o)
 .debug_pubnames
                0x00000dfd       0x53 common/libcommon.a(flash.o)
 .debug_pubnames
                0x00000e50      0x116 common/libcommon.a(lists.o)
 .debug_pubnames
                0x00000f66       0x22 common/libcommon.a(s_record.o)
 .debug_pubnames
                0x00000f88       0x1c lib_generic/libgeneric.a(crc32.o)
 .debug_pubnames
                0x00000fa4       0x35 lib_generic/libgeneric.a(display_options.o)
 .debug_pubnames
                0x00000fd9      0x13d lib_generic/libgeneric.a(string.o)
 .debug_pubnames
                0x00001116       0x5a lib_generic/libgeneric.a(vsprintf.o)
 .debug_pubnames
                0x00001170       0xab lib_generic/libgeneric.a(zlib.o)
 .debug_pubnames
                0x0000121b       0x1d lib_generic/libgeneric.a(ctype.o)
 .debug_pubnames
                0x00001238       0x43 board/ixdp425/libixdp425.a(ixdp425.o)
 .debug_pubnames
                0x0000127b       0x8a board/ixdp425/libixdp425.a(flash.o)
 .debug_pubnames
                0x00001305       0x74 cpu/ixp/libixp.a(serial.o)
 .debug_pubnames
                0x00001379       0xc0 cpu/ixp/libixp.a(cpu.o)
 .debug_pubnames
                0x00001439       0x69 cpu/ixp/libixp.a(timer.o)
 .debug_pubnames
                0x000014a2       0x53 cpu/ixp/libixp.a(gpio.o)
 .debug_pubnames
                0x000014f5       0x25 lib_arm/libarm.a(armlinux.o)
 .debug_pubnames
                0x0000151a       0x22 lib_arm/libarm.a(cache.o)

.debug_aranges  0x00000000      0x520
 .debug_aranges
                0x00000000       0x20 cpu/ixp/libixp.a(interrupts.o)
 .debug_aranges
                0x00000020       0x20 lib_arm/libarm.a(board.o)
 .debug_aranges
                0x00000040       0x20 net/libnet.a(net.o)
 .debug_aranges
                0x00000060       0x20 common/libcommon.a(main.o)
 .debug_aranges
                0x00000080       0x20 common/libcommon.a(cmd_autoscript.o)
 .debug_aranges
                0x000000a0       0x20 common/libcommon.a(cmd_bdinfo.o)
 .debug_aranges
                0x000000c0       0x20 common/libcommon.a(cmd_boot.o)
 .debug_aranges
                0x000000e0       0x20 common/libcommon.a(cmd_bootm.o)
 .debug_aranges
                0x00000100       0x20 common/libcommon.a(cmd_console.o)
 .debug_aranges
                0x00000120       0x20 common/libcommon.a(cmd_flash.o)
 .debug_aranges
                0x00000140       0x20 common/libcommon.a(cmd_itest.o)
 .debug_aranges
                0x00000160       0x20 common/libcommon.a(cmd_load.o)
 .debug_aranges
                0x00000180       0x20 common/libcommon.a(cmd_mem.o)
 .debug_aranges
                0x000001a0       0x20 common/libcommon.a(cmd_misc.o)
 .debug_aranges
                0x000001c0       0x20 common/libcommon.a(cmd_nvedit.o)
 .debug_aranges
                0x000001e0       0x20 common/libcommon.a(command.o)
 .debug_aranges
                0x00000200       0x20 common/libcommon.a(console.o)
 .debug_aranges
                0x00000220       0x20 common/libcommon.a(devices.o)
 .debug_aranges
                0x00000240       0x20 common/libcommon.a(dlmalloc.o)
 .debug_aranges
                0x00000260       0x20 common/libcommon.a(env_common.o)
 .debug_aranges
                0x00000280       0x20 common/libcommon.a(env_flash.o)
 .debug_aranges
                0x000002a0       0x20 common/libcommon.a(exports.o)
 .debug_aranges
                0x000002c0       0x20 common/libcommon.a(flash.o)
 .debug_aranges
                0x000002e0       0x20 common/libcommon.a(lists.o)
 .debug_aranges
                0x00000300       0x20 common/libcommon.a(s_record.o)
 .debug_aranges
                0x00000320       0x20 /arm-linux/lib/gcc-lib/arm-linux/3.3.2/be/libgcc.a(_udivsi3.oS)
 .debug_aranges
                0x00000340       0x20 /arm-linux/lib/gcc-lib/arm-linux/3.3.2/be/libgcc.a(_umodsi3.oS)
 .debug_aranges
                0x00000360       0x20 /arm-linux/lib/gcc-lib/arm-linux/3.3.2/be/libgcc.a(_dvmd_lnx.oS)
 .debug_aranges
                0x00000380       0x20 lib_generic/libgeneric.a(crc32.o)
 .debug_aranges
                0x000003a0       0x20 lib_generic/libgeneric.a(display_options.o)
 .debug_aranges
                0x000003c0       0x20 lib_generic/libgeneric.a(string.o)
 .debug_aranges
                0x000003e0       0x20 lib_generic/libgeneric.a(vsprintf.o)
 .debug_aranges
                0x00000400       0x20 lib_generic/libgeneric.a(zlib.o)
 .debug_aranges
                0x00000420       0x20 board/ixdp425/libixdp425.a(ixdp425.o)
 .debug_aranges
                0x00000440       0x20 board/ixdp425/libixdp425.a(flash.o)
 .debug_aranges
                0x00000460       0x20 cpu/ixp/libixp.a(serial.o)
 .debug_aranges
                0x00000480       0x20 cpu/ixp/libixp.a(cpu.o)
 .debug_aranges
                0x000004a0       0x20 cpu/ixp/libixp.a(timer.o)
 .debug_aranges
                0x000004c0       0x20 cpu/ixp/libixp.a(gpio.o)
 .debug_aranges
                0x000004e0       0x20 lib_arm/libarm.a(armlinux.o)
 .debug_aranges
                0x00000500       0x20 lib_arm/libarm.a(cache.o)

.debug_str      0x00000000     0x2c82
 .debug_str     0x00000000      0x8fb cpu/ixp/libixp.a(interrupts.o)
                                0xab2 (size before relaxing)
 .debug_str     0x000008fb      0x48f lib_arm/libarm.a(board.o)
                                0xee1 (size before relaxing)
 .debug_str     0x00000d8a      0x199 net/libnet.a(net.o)
                                0xddb (size before relaxing)
 .debug_str     0x00000f23      0x13f common/libcommon.a(main.o)
                                0xbb3 (size before relaxing)
 .debug_str     0x00001062       0x49 common/libcommon.a(cmd_autoscript.o)
                                0xaf5 (size before relaxing)
 .debug_str     0x000010ab       0x35 common/libcommon.a(cmd_bdinfo.o)
                                0xc9e (size before relaxing)
 .debug_str     0x000010e0       0x34 common/libcommon.a(cmd_boot.o)
                                0xca2 (size before relaxing)
 .debug_str     0x00001114      0x264 common/libcommon.a(cmd_bootm.o)
                                0xd59 (size before relaxing)
 .debug_str     0x00001378       0x50 common/libcommon.a(cmd_console.o)
                                0xb8e (size before relaxing)
 .debug_str     0x000013c8      0x11a common/libcommon.a(cmd_flash.o)
                                0xb71 (size before relaxing)
 .debug_str     0x000014e2       0x8a common/libcommon.a(cmd_itest.o)
                                0xac0 (size before relaxing)
 .debug_str     0x0000156c      0x388 common/libcommon.a(cmd_load.o)
                               0x1049 (size before relaxing)
 .debug_str     0x000018f4      0x22d common/libcommon.a(cmd_mem.o)
                                0xcb1 (size before relaxing)
 .debug_str     0x00001b21       0x27 common/libcommon.a(cmd_misc.o)
                                0xa5d (size before relaxing)
 .debug_str     0x00001b48       0xe3 common/libcommon.a(cmd_nvedit.o)
                                0xb4c (size before relaxing)
 .debug_str     0x00001c2b       0xd1 common/libcommon.a(command.o)
                                0xb1e (size before relaxing)
 .debug_str     0x00001cfc       0xd7 common/libcommon.a(console.o)
                                0xd26 (size before relaxing)
 .debug_str     0x00001dd3       0x44 common/libcommon.a(devices.o)
                                0xbaf (size before relaxing)
 .debug_str     0x00001e17      0x26c common/libcommon.a(dlmalloc.o)
                                0xcd3 (size before relaxing)
 .debug_str     0x00002083       0x78 common/libcommon.a(env_common.o)
                                0xb07 (size before relaxing)
 .debug_str     0x000020fb       0x5f common/libcommon.a(env_flash.o)
                                0xb22 (size before relaxing)
 .debug_str     0x0000215a       0x19 common/libcommon.a(exports.o)
                                0xaa7 (size before relaxing)
 .debug_str     0x00002173       0x4b common/libcommon.a(flash.o)
                                0xa5f (size before relaxing)
 .debug_str     0x000021be      0x1cf common/libcommon.a(lists.o)
                                0xcb3 (size before relaxing)
 .debug_str     0x0000238d       0x3a common/libcommon.a(s_record.o)
                                0xa2f (size before relaxing)
 .debug_str     0x000023c7       0x37 lib_generic/libgeneric.a(crc32.o)
                                0xade (size before relaxing)
 .debug_str     0x000023fe       0x2d lib_generic/libgeneric.a(display_options.o)
                                0xa20 (size before relaxing)
 .debug_str     0x0000242b       0xea lib_generic/libgeneric.a(string.o)
                                0x59e (size before relaxing)
 .debug_str     0x00002515       0x80 lib_generic/libgeneric.a(vsprintf.o)
                                0xad6 (size before relaxing)
 .debug_str     0x00002595      0x3ce lib_generic/libgeneric.a(zlib.o)
                                0x941 (size before relaxing)
 .debug_str     0x00002963        0x8 lib_generic/libgeneric.a(ctype.o)
                                 0x5b (size before relaxing)
 .debug_str     0x0000296b       0x56 board/ixdp425/libixdp425.a(ixdp425.o)
                                0xa15 (size before relaxing)
 .debug_str     0x000029c1       0x7d board/ixdp425/libixdp425.a(flash.o)
                                0xad8 (size before relaxing)
 .debug_str     0x00002a3e       0x65 cpu/ixp/libixp.a(serial.o)
                                0xa45 (size before relaxing)
 .debug_str     0x00002aa3       0x8d cpu/ixp/libixp.a(cpu.o)
                                0xac7 (size before relaxing)
 .debug_str     0x00002b30       0x64 cpu/ixp/libixp.a(timer.o)
                                0xa5a (size before relaxing)
 .debug_str     0x00002b94       0x5f cpu/ixp/libixp.a(gpio.o)
                                0xa59 (size before relaxing)
 .debug_str     0x00002bf3       0x6d lib_arm/libarm.a(armlinux.o)
                                0xbb0 (size before relaxing)
 .debug_str     0x00002c60       0x22 lib_arm/libarm.a(cache.o)
                                 0x61 (size before relaxing)

.comment        0x00000000      0x2be
 .comment       0x00000000       0x12 cpu/ixp/libixp.a(interrupts.o)
 .comment       0x00000012       0x12 lib_arm/libarm.a(board.o)
 .comment       0x00000024       0x12 net/libnet.a(net.o)
 .comment       0x00000036       0x12 common/libcommon.a(main.o)
 .comment       0x00000048       0x12 common/libcommon.a(cmd_autoscript.o)
 .comment       0x0000005a       0x12 common/libcommon.a(cmd_bdinfo.o)
 .comment       0x0000006c       0x12 common/libcommon.a(cmd_boot.o)
 .comment       0x0000007e       0x12 common/libcommon.a(cmd_bootm.o)
 .comment       0x00000090       0x12 common/libcommon.a(cmd_console.o)
 .comment       0x000000a2       0x12 common/libcommon.a(cmd_flash.o)
 .comment       0x000000b4       0x12 common/libcommon.a(cmd_itest.o)
 .comment       0x000000c6       0x12 common/libcommon.a(cmd_load.o)
 .comment       0x000000d8       0x12 common/libcommon.a(cmd_mem.o)
 .comment       0x000000ea       0x12 common/libcommon.a(cmd_misc.o)
 .comment       0x000000fc       0x12 common/libcommon.a(cmd_nvedit.o)
 .comment       0x0000010e       0x12 common/libcommon.a(command.o)
 .comment       0x00000120       0x12 common/libcommon.a(console.o)
 .comment       0x00000132       0x12 common/libcommon.a(devices.o)
 .comment       0x00000144       0x12 common/libcommon.a(dlmalloc.o)
 .comment       0x00000156       0x12 common/libcommon.a(env_common.o)
 .comment       0x00000168       0x12 common/libcommon.a(env_flash.o)
 .comment       0x0000017a       0x12 common/libcommon.a(exports.o)
 .comment       0x0000018c       0x12 common/libcommon.a(flash.o)
 .comment       0x0000019e       0x12 common/libcommon.a(lists.o)
 .comment       0x000001b0       0x12 common/libcommon.a(s_record.o)
 .comment       0x000001c2       0x12 lib_generic/libgeneric.a(crc32.o)
 .comment       0x000001d4       0x12 lib_generic/libgeneric.a(display_options.o)
 .comment       0x000001e6       0x12 lib_generic/libgeneric.a(string.o)
 .comment       0x000001f8       0x12 lib_generic/libgeneric.a(vsprintf.o)
 .comment       0x0000020a       0x12 lib_generic/libgeneric.a(zlib.o)
 .comment       0x0000021c       0x12 lib_generic/libgeneric.a(ctype.o)
 .comment       0x0000022e       0x12 board/ixdp425/libixdp425.a(ixdp425.o)
 .comment       0x00000240       0x12 board/ixdp425/libixdp425.a(flash.o)
 .comment       0x00000252       0x12 cpu/ixp/libixp.a(serial.o)
 .comment       0x00000264       0x12 cpu/ixp/libixp.a(cpu.o)
 .comment       0x00000276       0x12 cpu/ixp/libixp.a(timer.o)
 .comment       0x00000288       0x12 cpu/ixp/libixp.a(gpio.o)
 .comment       0x0000029a       0x12 lib_arm/libarm.a(armlinux.o)
 .comment       0x000002ac       0x12 lib_arm/libarm.a(cache.o)

.debug_ranges   0x00000000      0x1d8
 .debug_ranges  0x00000000       0x20 common/libcommon.a(main.o)
 .debug_ranges  0x00000020       0x30 common/libcommon.a(cmd_mem.o)
 .debug_ranges  0x00000050       0x18 common/libcommon.a(cmd_nvedit.o)
 .debug_ranges  0x00000068       0x38 common/libcommon.a(command.o)
 .debug_ranges  0x000000a0       0x30 common/libcommon.a(console.o)
 .debug_ranges  0x000000d0       0x50 common/libcommon.a(dlmalloc.o)
 .debug_ranges  0x00000120       0x48 common/libcommon.a(flash.o)
 .debug_ranges  0x00000168       0x20 lib_generic/libgeneric.a(vsprintf.o)
 .debug_ranges  0x00000188       0x50 lib_generic/libgeneric.a(zlib.o)
